// Jest Snapshot v1, https://goo.gl/fbAQLP

exports[`repoData Duck Tests Action Generator clearRepoData should match the snapshot 1`] = `
Object {
  "type": "modules/repo-app/CLEAR_REPO_DATA",
}
`;

exports[`repoData Duck Tests Action Generator setRepoData should match the snapshot 1`] = `
Object {
  "data": Array [
    Object {
      "mockVariable": "mockValue",
    },
  ],
  "type": "modules/repo-app/SET_REPO_DATA",
}
`;
