// Jest Snapshot v1, https://goo.gl/fbAQLP

exports[`RepoApp Component should render correctly 1`] = `
<Fragment>
  <Content />
</Fragment>
`;
